
=== Wed Nov 12 00:36:19 2025

Packages were changed.
Update Mode: updateDependencies

The following packages were added:
  com.unity.ide.visualstudio@2.0.18
The following packages were updated:
  com.unity.2d.animation from version 3.2.6 to 5.2.0
  com.unity.2d.pixel-perfect from version 2.1.0 to 4.0.1
  com.unity.2d.psdimporter from version 2.1.6 to 4.3.0
  com.unity.2d.spriteshape from version 3.0.14 to 5.3.0
  com.unity.collab-proxy from version 1.2.16 to 2.0.4
  com.unity.ide.rider from version 1.1.4 to 3.0.21
  com.unity.ide.vscode from version 1.2.3 to 1.2.5
  com.unity.test-framework from version 1.1.19 to 1.1.33
  com.unity.textmeshpro from version 2.1.1 to 3.0.6
  com.unity.timeline from version 1.2.17 to 1.4.8

=== Fri Nov 14 00:18:49 2025

Packages were changed.
Update Mode: updateDependencies

The following packages were updated:
  com.unity.nuget.newtonsoft-json from version 3.0.0 to 3.2.0

=== Fri Nov 14 00:18:49 2025

Packages were changed.
Update Mode: mergeDefaultDependencies

The following packages were added:
  com.unity.nuget.newtonsoft-json@3.2.0
The following packages were updated:
  com.unity.ugui from version 1.0.0 to 2.0.0
